
> fairplay-app@0.0.0 build
> vite build

[36mvite v5.4.21 [32mbuilding for production...[36m[39m
transforming...
[32mΓ£ô[39m 2449 modules transformed.
rendering chunks...
computing gzip size...
[2mdist/[22m[32mindex.html                 [39m[1m[2m    0.62 kB[22m[1m[22m[2m Γöé gzip:   0.40 kB[22m
[2mdist/[22m[35massets/index-BdkDOqLL.css  [39m[1m[2m   46.87 kB[22m[1m[22m[2m Γöé gzip:   7.82 kB[22m
[2mdist/[22m[36massets/index-DO0P1-Wn.js   [39m[1m[33m1,249.19 kB[39m[22m[2m Γöé gzip: 349.29 kB[22m
node.exe : [33m
At line:1 char:1
+ & "C:\Program 
Files\nodejs/node.exe" 
"C:\Program 
Files\nodejs/node_mo ...
+ ~~~~~~~~~~~~~~~~~~~~~~~~~~~
~~~~~~~~~~~~~~~~~~~~~~~~~~~~~
~~~~~~~~~~~~~
    + CategoryInfo           
   : NotSpecified: ([33m:S  
  tring) [], RemoteExcepti   
 on
    + FullyQualifiedErrorId  
   : NativeCommandError
 
(!) Some chunks are larger 
than 500 kB after 
minification. Consider:
- Using dynamic import() to 
code-split the application
- Use build.rollupOptions.out
put.manualChunks to improve 
chunking: https://rollupjs.or
g/configuration-options/#outp
ut-manualchunks
- Adjust chunk size limit 
for this warning via build.ch
unkSizeWarningLimit.[39m
[32mΓ£ô built in 10.92s[39m
